// Jest Snapshot v1, https://goo.gl/fbAQLP

exports[`App component:  Matches the snapshot 1`] = `
<textarea
  className="cypher-input-text"
  disabled={false}
  onChange={[Function]}
  placeholder="Input the text you want to cypher."
/>
`;

exports[`Text area component:  Matches the snapshot 1`] = `ShallowWrapper {}`;
